amdgpu-core
amdgpu-dkms-firmware
autoconf
automake
autotools-dev
binfmt-support
blt
cabextract
comerr-dev
comgr
evemu-tools
evtest
fluid-soundfont-gm
fluid-soundfont-gs
font-manager
font-manager-common
font-viewer
fonts-font-awesome
fonts-lato
fonts-lyx
g++
g++-11
g++-11-multilib
g++-multilib
gcc-11-multilib
gcc-12-base:i386
gcc-multilib
gconf-service
gconf-service-backend
gconf2-common
gir1.2-gdesktopenums-3.0
gir1.2-gnomedesktop-3.0
gir1.2-rsvg-2.0
git-man
gnome-settings-daemon
gnome-shell-common
gnustep-base-common
gnustep-base-runtime
gnustep-common
gst-omx-amdgpu
gstreamer1.0-libav
gstreamer1.0-plugins-bad
gstreamer1.0-plugins-base:i386
gstreamer1.0-plugins-ugly
gstreamer1.0-vaapi
gtkhash
gyp
hip-dev
hip-runtime-amd
hipcc
hsa-rocr
hsa-rocr-dev
hsakmt-roct-dev
icu-devtools
imagemagick-6-common
javascript-common
krb5-multidev
lib32asan6
lib32atomic1
lib32gcc-11-dev
lib32gcc-s1
lib32gomp1
lib32itm1
lib32quadmath0
lib32stdc++-11-dev
lib32stdc++6
lib32ubsan1
liba52-0.7.4
libaec0
libaio1:i386
libapparmor1:i386
libapr1
libaprutil1
libaribb24-0
libasound2-plugins:i386
libasound2:i386
libasyncns0:i386
libatk-bridge2.0-0:i386
libatk1.0-0:i386
libatomic1:i386
libatspi2.0-0:i386
libavahi-client3:i386
libavahi-common-data:i386
libavahi-common3:i386
libavcodec-extra
libavcodec-extra58
libb2-1
libblkid1:i386
libblosc1
libboost-dev
libboost1.74-dev
libbrotli1:i386
libbsd-dev
libbsd0:i386
libbz2-1.0:i386
libc-ares2
libc-dev-bin
libc-devtools
libc6-dev
libc6-dev-i386
libc6-dev-x32
libc6-i386
libc6-x32
libc6:i386
libcairo-gobject2:i386
libcairo2:i386
libcanberra0:i386
libcap2:i386
libcapi20-3
libcapi20-3:i386
libcdparanoia0:i386
libclang-cpp11
libcolord2:i386
libcom-err2:i386
libcrypt-dev
libcrypt1:i386
libcups2:i386
libcurl3-gnutls:i386
libcurl4:i386
libdatrie1:i386
libdb5.3:i386
libdbus-1-3:i386
libdca0
libdecor-0-0:i386
libdecor-0-plugin-1-cairo:i386
libdeflate0:i386
libdrm-amdgpu-amdgpu1
libdrm-amdgpu-amdgpu1:i386
libdrm-amdgpu-common
libdrm-amdgpu-dev
libdrm-amdgpu-radeon1
libdrm-amdgpu-radeon1:i386
libdrm-amdgpu1:i386
libdrm-intel1:i386
libdrm-nouveau2:i386
libdrm-radeon1:i386
libdrm2-amdgpu
libdrm2-amdgpu:i386
libdrm2:i386
libdvdcss2
libdw1:i386
libedit2:i386
libegl-mesa0:i386
libegl1-amdgpu-mesa
libegl1-amdgpu-mesa-drivers
libegl1-amdgpu-mesa-drivers:i386
libegl1-amdgpu-mesa:i386
libegl1:i386
libeigen3-dev
libelf-dev
libelf1:i386
libepoxy0:i386
liberror-perl
libevemu3
libevent-core-2.1-7
libexif12:i386
libexpat1-dev
libexpat1:i386
libfaad2
libffi-dev
libffi8:i386
libfftw3-double3
libfile-copy-recursive-perl
libfile-which-perl
libflac8:i386
libfluidsynth3
libfontconfig1:i386
libfreeaptx0
libfreetype6:i386
libfribidi0:i386
libgbm1-amdgpu
libgbm1-amdgpu:i386
libgbm1:i386
libgcc-s1:i386
libgconf-2-4
libgcrypt20:i386
libgd3:i386
libgdbm-compat4:i386
libgdbm6:i386
libgdk-pixbuf-2.0-0:i386
libgeoclue-2-0
libgl1-amdgpu-mesa-dri
libgl1-amdgpu-mesa-dri:i386
libgl1-amdgpu-mesa-glx
libgl1-amdgpu-mesa-glx:i386
libgl1-mesa-dri:i386
libgl1:i386
libglapi-amdgpu-mesa
libglapi-amdgpu-mesa:i386
libglapi-mesa:i386
libglib2.0-0:i386
libglu1-mesa:i386
libglvnd0:i386
libglx-mesa0:i386
libglx0:i386
libgmp10:i386
libgnome-desktop-3-19
libgnustep-base1.28
libgnutls30:i386
libgpg-error-l10n
libgpg-error0:i386
libgphoto2-6:i386
libgphoto2-port12:i386
libgpm2:i386
libgraphite2-3:i386
libgsm1:i386
libgssapi-krb5-2:i386
libgssdp-1.2-0
libgssrpc4
libgstreamer-plugins-bad1.0-0
libgstreamer-plugins-base1.0-0:i386
libgstreamer1.0-0:i386
libgtk-3-0:i386
libgupnp-1.2-1
libgupnp-igd-1.0-4
libharfbuzz0b:i386
libhdf5-103-1
libhogweed6:i386
libice6:i386
libicu-dev
libicu70:i386
libidn2-0:i386
libieee1284-3:i386
libilmbase25
libinstpatch-1.0-2
libjack-jackd2-0:i386
libjbig0:i386
libjpeg-turbo8:i386
libjpeg8:i386
libjs-bootstrap4
libjs-events
libjs-highlight.js
libjs-inherits
libjs-is-typedarray
libjs-jquery
libjs-jquery-ui
libjs-lunr
libjs-modernizr
libjs-popper.js
libjs-psl
libjs-sizzle
libjs-source-map
libjs-sphinxdoc
libjs-sprintf-js
libjs-typedarray-to-buffer
libjs-underscore
libjxr-tools
libjxr0
libk5crypto3:i386
libkadm5clnt-mit12
libkadm5srv-mit12
libkate1
libkdb5-10
libkeyutils1:i386
libkrb5-3:i386
libkrb5-dev
libkrb5support0:i386
liblbfgsb0
liblcms2-2:i386
libldacbt-enc2
libldap-2.5-0:i386
libldap-common
libllvm11
libllvm15:i386
libllvm17.0-amdgpu
libllvm17.0-amdgpu:i386
liblqr-1-0
libltc11
libltdl7:i386
libluajit-5.1-2
libluajit-5.1-common
liblz4-1:i386
liblzma5:i386
libmagickcore-6.q16-6
libmagickcore-6.q16-6-extra
libmagickwand-6.q16-6
libmd-dev
libmd0:i386
libmjpegutils-2.1-0
libmodplug1
libmount1:i386
libmpcdec6
libmpeg2-4
libmpeg2encpp-2.1-0
libmplex2-2.1-0
libmsgpackc2
libmspack0
libncurses-dev
libncurses6:i386
libncursesw6:i386
libnettle8:i386
libnghttp2-14:i386
libnice10
libnode-dev
libnode72
libnorm-dev
libnotify4:i386
libnsl-dev
libnsl2:i386
libnspr4:i386
libnss-nis:i386
libnss-nisplus:i386
libnss3:i386
libobjc4
libodbc2
libodbc2:i386
libogg0:i386
libomxil-bellagio-bin
libomxil-bellagio0
libopenblas-dev
libopenblas-pthread-dev
libopenblas0
libopenblas0-pthread
libopencore-amrnb0
libopencore-amrwb0
libopenexr25
libopengl0:i386
libopenh264-6
libopenjp2-7:i386
libopenni2-0
libopus0:i386
liborc-0.4-0:i386
libosmesa6
libosmesa6:i386
libp11-kit0:i386
libpango-1.0-0:i386
libpangocairo-1.0-0:i386
libpangoft2-1.0-0:i386
libpcap0.8:i386
libpci3:i386
libpciaccess0:i386
libpcre2-8-0:i386
libpcre3:i386
libperl5.34:i386
libpfm4
libpgm-dev
libpipewire-0.3-0:i386
libpipewire-0.3-common
libpipewire-0.3-modules:i386
libpixman-1-0:i386
libpng16-16:i386
libpoppler-glib8:i386
libpoppler118:i386
libportaudio2:i386
libpsl5:i386
libpulse0:i386
libpython2-stdlib
libpython2.7-minimal
libpython2.7-stdlib
libpython3-dev
libpython3.10-dev
libqhull-r8.0
libqrencode4
libqt5x11extras5
libreadline8:i386
librsvg2-2:i386
librsvg2-common:i386
librtmp1:i386
libsamplerate0:i386
libsane1:i386
libsasl2-2:i386
libsasl2-modules-db:i386
libsasl2-modules-gssapi-mit
libsasl2-modules:i386
libsdl2-2.0-0:i386
libselinux1:i386
libsensors5:i386
libserf-1-1
libsidplay1v5
libsm6:i386
libsndfile1:i386
libsnmp40:i386
libsodium-dev
libsoundtouch1
libsoundtouch1:i386
libspa-0.2-modules:i386
libspandsp2
libsqlite3-0:i386
libsrtp2-1
libssh-4:i386
libssl-dev
libssl3:i386
libstdc++-11-dev
libstdc++6:i386
libsvn1
libsystemd0:i386
libsz2
libtasn1-6:i386
libtbb12
libtbbmalloc2
libtdb1:i386
libthai0:i386
libtheora0:i386
libtiff5:i386
libtinfo-dev
libtinfo6:i386
libtirpc-dev
libtirpc3:i386
libtk8.6
libudev1:i386
libunistring2:i386
libunshield0
libunwind8:i386
libusb-1.0-0:i386
libutf8proc2
libuuid1:i386
libuv1-dev
libv4l-0:i386
libv4lconvert0:i386
libva-amdgpu-drm2
libva-amdgpu-drm2:i386
libva-amdgpu-glx2
libva-amdgpu-glx2:i386
libva-amdgpu-wayland2
libva-amdgpu-wayland2:i386
libva-amdgpu-x11-2
libva-amdgpu-x11-2:i386
libva2-amdgpu
libva2-amdgpu:i386
libvdpau1:i386
libvisual-0.4-0:i386
libvo-aacenc0
libvo-amrwbenc0
libvorbis0a:i386
libvorbisenc2:i386
libvorbisfile3:i386
libwayland-amdgpu-client0
libwayland-amdgpu-client0:i386
libwayland-amdgpu-server0
libwayland-amdgpu-server0:i386
libwayland-client0:i386
libwayland-cursor0:i386
libwayland-egl1:i386
libwayland-server0:i386
libwebp7:i386
libwebrtc-audio-processing1:i386
libwildmidi2
libwrap0:i386
libwxbase3.0-0v5:i386
libwxgtk3.0-gtk3-0v5:i386
libx11-6:i386
libx11-xcb1:i386
libx32asan6
libx32atomic1
libx32gcc-11-dev
libx32gcc-s1
libx32gomp1
libx32itm1
libx32quadmath0
libx32stdc++-11-dev
libx32stdc++6
libx32ubsan1
libxatracker2-amdgpu
libxatracker2-amdgpu:i386
libxau6:i386
libxcb-dri2-0:i386
libxcb-dri3-0:i386
libxcb-glx0:i386
libxcb-present0:i386
libxcb-randr0:i386
libxcb-render0:i386
libxcb-shm0:i386
libxcb-sync1:i386
libxcb-xfixes0:i386
libxcb1:i386
libxcomposite1:i386
libxcursor1:i386
libxdamage1:i386
libxdmcp6:i386
libxeus-python0
libxeus1
libxext6:i386
libxfixes3:i386
libxi6:i386
libxinerama1:i386
libxkbcommon0:i386
libxkbregistry0
libxkbregistry0:i386
libxml2-dev
libxml2:i386
libxpm4:i386
libxrandr2:i386
libxrender1:i386
libxshmfence1:i386
libxsimd-dev
libxslt1.1:i386
libxss1:i386
libxxf86vm1:i386
libz3-4
libz3-dev
libzbar0
libzmq3-dev
libzstd1:i386
libzxingcore1
linux-headers-generic-hwe-22.04
linux-hwe-6.2-headers-6.2.0-39
linux-hwe-6.5-headers-6.5.0-41
linux-image-generic-hwe-22.04
linux-modules-6.2.0-39-generic
linux-modules-6.5.0-41-generic
llvm-11
llvm-11-dev
llvm-11-linker-tools
llvm-11-runtime
llvm-11-tools
mesa-amdgpu-omx-drivers
mesa-amdgpu-va-drivers
mesa-amdgpu-va-drivers:i386
mesa-amdgpu-vdpau-drivers
mesa-amdgpu-vdpau-drivers:i386
mesa-vdpau-drivers:i386
mkdocs
mutter-common
nautilus-dropbox
neovim-runtime
nlohmann-json3-dev
node-abab
node-abbrev
node-agent-base
node-ansi-regex
node-ansi-styles
node-ansistyles
node-aproba
node-archy
node-are-we-there-yet
node-argparse
node-arrify
node-asap
node-asynckit
node-balanced-match
node-brace-expansion
node-builtins
node-cacache
node-chalk
node-chownr
node-clean-yaml-object
node-cli-table
node-clone
node-color-convert
node-color-name
node-colors
node-columnify
node-combined-stream
node-commander
node-console-control-strings
node-copy-concurrently
node-core-util-is
node-coveralls
node-cssom
node-cssstyle
node-debug
node-decompress-response
node-defaults
node-delayed-stream
node-delegates
node-depd
node-diff
node-encoding
node-end-of-stream
node-err-code
node-escape-string-regexp
node-esprima
node-events
node-fancy-log
node-fetch
node-foreground-child
node-form-data
node-fs-write-stream-atomic
node-fs.realpath
node-function-bind
node-gauge
node-get-stream
node-glob
node-got
node-graceful-fs
node-growl
node-gyp
node-has-flag
node-has-unicode
node-hosted-git-info
node-https-proxy-agent
node-iconv-lite
node-iferr
node-imurmurhash
node-indent-string
node-inflight
node-inherits
node-ini
node-ip
node-ip-regex
node-is-buffer
node-is-plain-obj
node-is-typedarray
node-isarray
node-isexe
node-jquery
node-js-yaml
node-jsdom
node-json-buffer
node-json-parse-better-errors
node-jsonparse
node-kind-of
node-lcov-parse
node-lodash-packages
node-log-driver
node-lowercase-keys
node-lru-cache
node-mime
node-mime-types
node-mimic-response
node-minimatch
node-minimist
node-minipass
node-mkdirp
node-move-concurrently
node-ms
node-mute-stream
node-negotiator
node-nopt
node-normalize-package-data
node-npm-bundled
node-npm-package-arg
node-npmlog
node-object-assign
node-once
node-opener
node-osenv
node-p-cancelable
node-p-map
node-path-is-absolute
node-process-nextick-args
node-promise-inflight
node-promise-retry
node-promzard
node-psl
node-pump
node-punycode
node-quick-lru
node-read
node-read-package-json
node-readable-stream
node-resolve
node-retry
node-rimraf
node-run-queue
node-safe-buffer
node-semver
node-set-blocking
node-signal-exit
node-slash
node-slice-ansi
node-source-map
node-source-map-support
node-spdx-correct
node-spdx-exceptions
node-spdx-expression-parse
node-spdx-license-ids
node-sprintf-js
node-ssri
node-stack-utils
node-stealthy-require
node-string-decoder
node-string-width
node-strip-ansi
node-supports-color
node-tap
node-tap-mocha-reporter
node-tap-parser
node-tar
node-text-table
node-time-stamp
node-tmatch
node-tough-cookie
node-typedarray-to-buffer
node-unique-filename
node-universalify
node-util-deprecate
node-validate-npm-package-license
node-validate-npm-package-name
node-wcwidth.js
node-webidl-conversions
node-whatwg-fetch
node-which
node-wide-align
node-wrappy
node-write-file-atomic
node-ws
node-yallist
nodejs-doc
numba-doc
ocl-icd-libopencl1:i386
openmp-extras-runtime
pybind11-dev
pybind11-json-dev
python-babel-localedata
python-is-python3
python-matplotlib-data
python-odf-doc
python-odf-tools
python-tables-data
python2-minimal
python2.7
python2.7-minimal
python3-appdirs
python3-argcomplete
python3-attr
python3-babel
python3-beniget
python3-bottleneck
python3-cycler
python3-dateutil
python3-decorator
python3-defusedxml
python3-dev
python3-distlib
python3-distutils
python3-et-xmlfile
python3-evdev
python3-fonttools
python3-fs
python3-gast
python3-gpg
python3-html5lib
python3-iniconfig
python3-jdcal
python3-jinja2
python3-kiwisolver
python3-lib2to3
python3-livereload
python3-llvmlite
python3-lxml
python3-lz4
python3-markdown
python3-matplotlib
python3-mpmath
python3-numba
python3-numexpr
python3-numpy
python3-odf
python3-openpyxl
python3-pandas
python3-pandas-lib
python3-pil.imagetk
python3-pip
python3-pip-whl
python3-platformdirs
python3-pluggy
python3-ply
python3-py
python3-pygments
python3-pyinotify
python3-pytest
python3-pythran
python3-scipy
python3-setuptools
python3-setuptools-whl
python3-sympy
python3-tables
python3-tables-lib
python3-tk
python3-toml
python3-tornado
python3-tz
python3-ufolib2
python3-unicodedata2
python3-userpath
python3-venv
python3-virtualenv
python3-virtualenv-clone
python3-webencodings
python3-wheel
python3-wheel-whl
python3-xlwt
python3.10-dev
python3.10-venv
ratbagd
rocm-core
rocm-language-runtime
rocm-llvm
rocm-opencl
rocm-opencl-icd-loader
rocminfo
rocprofiler-register
rpcsvc-proto
sphinx-rtd-theme-common
timgm6mb-soundfont
tk8.6-blt2.5
unicode-data
unshield
uuid-dev
valgrind
vdpau-driver-all:i386
wine-stable
wine-stable-amd64
wine-stable-i386:i386
xeus-dev
xserver-xorg-amdgpu-video-amdgpu
xtl-dev
yaru-theme-gnome-shell
zlib1g-dev
zlib1g:i386
zsh-common
